Erro na leitura do gaveteiro no endereÃ§o 30, tentativa de leitura em endereÃ§o inexistente
