Erro de sobrecarga de gavetas, limite de 100 registros
