Erro na leitura do gaveteiro no endereÃ§o 31, tentativa de leitura em endereÃ§o inexistente
